I'm sorry, but errors were detected in your script. Please correct the
errors listed below, and try again.


File "game/script.rpy", line 2472: end of line expected.
    show captain rememberance-closed behind computerwith hpunch
                                                         ^

Ren'Py Version: Ren'Py 8.3.7.25031702
Mon Mar 30 15:55:07 2026
